// Jest Snapshot v1, https://goo.gl/fbAQLP

exports[`Timer component should render <Timer /> with given state from Redux store 1`] = `
<div
  id="timer"
>
  <h2
    id="label"
  >
    session
  </h2>
  <h1
    id="stopwatch"
  >
    25:00
  </h1>
  <button
    id="pause"
    onClick={[Function]}
  >
    pause
  </button>
  <button
    id="reset"
    onClick={[Function]}
  >
    reset
  </button>
  <button
    id="skip"
    onClick={[Function]}
  >
    skip
  </button>
</div>
`;
